

==================================================================================
=== CALIBRE::ERC-H SUMMARY REPORT
===
Execution Date/Time:          Sat Aug 24 20:01:33 2019
Calibre Version:              v2014.3_35.26    Wed Oct 1 13:01:36 PDT 2014
Rule File Pathname:           /nfs/ug/groups/haczgrp/Hubert/BAG2_cds_ff_mpt_N65/./lvsRunDir/_calibre.lvs_
Rule File Title:              
Layout System:                GDSII
Layout Path(s):               AMP_SF.calibre.db
Layout Primary Cell:          AMP_SF
Current Directory:            /nfs/ug/groups/haczgrp/Hubert/BAG2_cds_ff_mpt_N65/lvsRunDir
User Name:                    conggua1
Maximum Results/ERC Check:    1000
Maximum ERC Result Vertices:  4096
ERC Results Database:         AMP_SF.erc.results (ASCII)
Layout Depth:                 ALL
Text Depth:                   PRIMARY
Summary Report File:          AMP_SF.erc.summary (REPLACE)
Geometry Flagging:            ACUTE = NO  SKEW = YES  ANGLED = NO  OFFGRID = YES
                              NONSIMPLE POLYGON = NO  NONSIMPLE PATH = NO
Excluded Cells:              
CheckText Mapping:            COMMENT TEXT + RULE FILE INFORMATION
Layers:                       MEMORY-BASED
Keep Empty Checks:            YES
----------------------------------------------------------------------------------
--- RUNTIME WARNINGS
---
Layer 6 contains unmapped objects and is the source layer of LAYER MAP == 6 DATATYPE == 1.
Layer 6 contains unmapped objects and is the source layer of LAYER MAP == 6 DATATYPE == 3.
Layer 17 contains unmapped objects and is the source layer of LAYER MAP == 17 DATATYPE == 1.
Layer 17 contains unmapped objects and is the source layer of LAYER MAP == 17 DATATYPE == 51.
Layer 31 contains unmapped objects and is the source layer of LAYER MAP == 31 DATATYPE == 1.
Layer 32 contains unmapped objects and is the source layer of LAYER MAP == 32 DATATYPE == 1.
Layer 33 contains unmapped objects and is the source layer of LAYER MAP == 33 DATATYPE == 1.
Layer 34 contains unmapped objects and is the source layer of LAYER MAP == 34 DATATYPE == 1.
There is no data for layout net name AHVDD.
There is no data for layout net name AHVDDB.
There is no data for layout net name AHVDDG.
There is no data for layout net name AHVDDR.
There is no data for layout net name AHVDDWELL.
There is no data for layout net name AVDD.
There is no data for layout net name AVDDB.
There is no data for layout net name AVDDBG.
There is no data for layout net name AVDDG.
There is no data for layout net name AVDDR.
There is no data for layout net name AVDWELL.
There is no data for layout net name DHVDD.
There is no data for layout net name DVDD.
There is no data for layout net name HVDDWELL.
There is no data for layout net name TACVDD.
There is no data for layout net name TAVD33.
There is no data for layout net name TAVD33PST.
There is no data for layout net name TAVDD.
There is no data for layout net name TAVDDPST.
There is no data for layout net name VD33.
There is no data for layout net name VDD5V.
There is no data for layout net name VDDG.
There is no data for layout net name VDDM.
There is no data for layout net name VDDPST.
There is no data for layout net name VDDSA.
There is no data for layout net name VDWELL.
There is no data for layout net name AGND.
There is no data for layout net name AHVSS.
There is no data for layout net name AHVSSB.
There is no data for layout net name AHVSSG.
There is no data for layout net name AHVSSR.
There is no data for layout net name AHVSSUB.
There is no data for layout net name AVSS.
There is no data for layout net name AVSSB.
There is no data for layout net name AVSSBG.
There is no data for layout net name AVSSG.
There is no data for layout net name AVSSR.
There is no data for layout net name AVSSUB.
There is no data for layout net name DHVSS.
There is no data for layout net name DVSS.
There is no data for layout net name GND.
There is no data for layout net name HVSSUB.
There is no data for layout net name TAVSS.
There is no data for layout net name TAVSSPST.
There is no data for layout net name VS33.
There is no data for layout net name VSS.
There is no data for layout net name VSSG.
There is no data for layout net name VSSM.
There is no data for layout net name VSSPST.
There is no data for layout net name VSSUB.
There is no data for layout net name AHVDD.
There is no data for layout net name AHVDDB.
There is no data for layout net name AHVDDG.
There is no data for layout net name AHVDDR.
There is no data for layout net name AHVDDWELL.
There is no data for layout net name AVDD.
There is no data for layout net name AVDDB.
There is no data for layout net name AVDDBG.
There is no data for layout net name AVDDG.
There is no data for layout net name AVDDR.
There is no data for layout net name AVDWELL.
There is no data for layout net name DHVDD.
There is no data for layout net name DVDD.
There is no data for layout net name HVDDWELL.
There is no data for layout net name TACVDD.
There is no data for layout net name TAVD33.
There is no data for layout net name TAVD33PST.
There is no data for layout net name TAVDD.
There is no data for layout net name TAVDDPST.
There is no data for layout net name VD33.
There is no data for layout net name VDD5V.
There is no data for layout net name VDDG.
There is no data for layout net name VDDM.
There is no data for layout net name VDDPST.
There is no data for layout net name VDDSA.
There is no data for layout net name VDWELL.
There is no data for layout net name AGND.
There is no data for layout net name AHVSS.
There is no data for layout net name AHVSSB.
There is no data for layout net name AHVSSG.
There is no data for layout net name AHVSSR.
There is no data for layout net name AHVSSUB.
There is no data for layout net name AVSS.
There is no data for layout net name AVSSB.
There is no data for layout net name AVSSBG.
There is no data for layout net name AVSSG.
There is no data for layout net name AVSSR.
There is no data for layout net name AVSSUB.
There is no data for layout net name DHVSS.
There is no data for layout net name DVSS.
There is no data for layout net name GND.
There is no data for layout net name HVSSUB.
There is no data for layout net name TAVSS.
There is no data for layout net name TAVSSPST.
There is no data for layout net name VS33.
There is no data for layout net name VSS.
There is no data for layout net name VSSG.
There is no data for layout net name VSSM.
There is no data for layout net name VSSPST.
There is no data for layout net name VSSUB.
Invalid PATHCHK request "! GROUND": no GROUND nets present, operation aborted.
There is no data for layout net name AGND.
There is no data for layout net name AHVSS.
There is no data for layout net name AHVSSB.
There is no data for layout net name AHVSSG.
There is no data for layout net name AHVSSR.
There is no data for layout net name AHVSSUB.
There is no data for layout net name AVSS.
There is no data for layout net name AVSSB.
There is no data for layout net name AVSSBG.
There is no data for layout net name AVSSG.
There is no data for layout net name AVSSR.
There is no data for layout net name AVSSUB.
There is no data for layout net name DHVSS.
There is no data for layout net name DVSS.
There is no data for layout net name GND.
There is no data for layout net name HVSSUB.
There is no data for layout net name TAVSS.
There is no data for layout net name TAVSSPST.
There is no data for layout net name VS33.
There is no data for layout net name VSS.
There is no data for layout net name VSSG.
There is no data for layout net name VSSM.
There is no data for layout net name VSSPST.
There is no data for layout net name VSSUB.
There is no data for layout net name AHVDD.
There is no data for layout net name AHVDDB.
There is no data for layout net name AHVDDG.
There is no data for layout net name AHVDDR.
There is no data for layout net name AHVDDWELL.
There is no data for layout net name AVDD.
There is no data for layout net name AVDDB.
There is no data for layout net name AVDDBG.
There is no data for layout net name AVDDG.
There is no data for layout net name AVDDR.
There is no data for layout net name AVDWELL.
There is no data for layout net name DHVDD.
There is no data for layout net name DVDD.
There is no data for layout net name HVDDWELL.
There is no data for layout net name TACVDD.
There is no data for layout net name TAVD33.
There is no data for layout net name TAVD33PST.
There is no data for layout net name TAVDD.
There is no data for layout net name TAVDDPST.
There is no data for layout net name VD33.
There is no data for layout net name VDD5V.
There is no data for layout net name VDDG.
There is no data for layout net name VDDM.
There is no data for layout net name VDDPST.
There is no data for layout net name VDDSA.
There is no data for layout net name VDWELL.
----------------------------------------------------------------------------------
--- ORIGINAL LAYER STATISTICS
---
LAYER RH ............ TOTAL Original Geometry Count = 0   (0)
LAYER POI ........... TOTAL Original Geometry Count = 260 (260)
LAYER RPO ........... TOTAL Original Geometry Count = 0   (0)
LAYER RPDMY1 ........ TOTAL Original Geometry Count = 0   (0)
LAYER RPDMYi ........ TOTAL Original Geometry Count = 0   (0)
LAYER DOD ........... TOTAL Original Geometry Count = 1   (1)
LAYER ODI ........... TOTAL Original Geometry Count = 4   (4)
LAYER SRM ........... TOTAL Original Geometry Count = 0   (0)
LAYER RODMY ......... TOTAL Original Geometry Count = 0   (0)
LAYER MOMDMY21 ...... TOTAL Original Geometry Count = 0   (0)
LAYER CO ............ TOTAL Original Geometry Count = 108 (108)
LAYER DPO ........... TOTAL Original Geometry Count = 56  (70)
LAYER MOMDMY0 ....... TOTAL Original Geometry Count = 0   (0)
LAYER RFDMY ......... TOTAL Original Geometry Count = 0   (0)
LAYER DRAIN ......... TOTAL Original Geometry Count = 0   (0)
LAYER NWDMY1 ........ TOTAL Original Geometry Count = 0   (0)
LAYER NWDMYi ........ TOTAL Original Geometry Count = 0   (0)
LAYER NW ............ TOTAL Original Geometry Count = 0   (0)
LAYER NP ............ TOTAL Original Geometry Count = 0   (0)
LAYER OD25 .......... TOTAL Original Geometry Count = 0   (0)
LAYER OD33 .......... TOTAL Original Geometry Count = 0   (0)
LAYER OD18 .......... TOTAL Original Geometry Count = 0   (0)
LAYER NT_Ni ......... TOTAL Original Geometry Count = 0   (0)
LAYER DNW ........... TOTAL Original Geometry Count = 0   (0)
LAYER VTL_N ......... TOTAL Original Geometry Count = 7   (9)
LAYER VTH_N ......... TOTAL Original Geometry Count = 0   (0)
LAYER DCO ........... TOTAL Original Geometry Count = 0   (0)
LAYER OD1T .......... TOTAL Original Geometry Count = 0   (0)
LAYER VTUL_N ........ TOTAL Original Geometry Count = 0   (0)
LAYER UHVT_N ........ TOTAL Original Geometry Count = 0   (0)
LAYER ILVT .......... TOTAL Original Geometry Count = 0   (0)
LAYER MAC ........... TOTAL Original Geometry Count = 0   (0)
LAYER ESD3 .......... TOTAL Original Geometry Count = 0   (0)
LAYER PSUB2 ......... TOTAL Original Geometry Count = 0   (0)
LAYER RFDMY6T ....... TOTAL Original Geometry Count = 0   (0)
LAYER RFDMY5T ....... TOTAL Original Geometry Count = 0   (0)
LAYER CAP1TDMY ...... TOTAL Original Geometry Count = 0   (0)
LAYER p3 ............ TOTAL Original Geometry Count = 0   (0)
LAYER SRAMTIMER ..... TOTAL Original Geometry Count = 0   (0)
LAYER SRM14 ......... TOTAL Original Geometry Count = 0   (0)
LAYER SRM12 ......... TOTAL Original Geometry Count = 0   (0)
LAYER SRM13 ......... TOTAL Original Geometry Count = 0   (0)
LAYER SRM17 ......... TOTAL Original Geometry Count = 0   (0)
LAYER SRM16 ......... TOTAL Original Geometry Count = 0   (0)
LAYER SRM10 ......... TOTAL Original Geometry Count = 0   (0)
LAYER SRM11 ......... TOTAL Original Geometry Count = 0   (0)
LAYER SRAMPSGT ...... TOTAL Original Geometry Count = 0   (0)
LAYER HVD_N ......... TOTAL Original Geometry Count = 0   (0)
LAYER HVD_NW ........ TOTAL Original Geometry Count = 0   (0)
LAYER OD25_18 ....... TOTAL Original Geometry Count = 0   (0)
LAYER OD25_33 ....... TOTAL Original Geometry Count = 0   (0)
LAYER PP ............ TOTAL Original Geometry Count = 0   (0)
LAYER VTL_P ......... TOTAL Original Geometry Count = 5   (6)
LAYER VTH_P ......... TOTAL Original Geometry Count = 0   (0)
LAYER VTUL_P ........ TOTAL Original Geometry Count = 0   (0)
LAYER UHVT_P ........ TOTAL Original Geometry Count = 0   (0)
LAYER HVD_P ......... TOTAL Original Geometry Count = 0   (0)
LAYER DIODMY ........ TOTAL Original Geometry Count = 0   (0)
LAYER HIADMY ........ TOTAL Original Geometry Count = 0   (0)
LAYER BJTDMY ........ TOTAL Original Geometry Count = 0   (0)
LAYER BJTDMY1 ....... TOTAL Original Geometry Count = 0   (0)
LAYER crown ......... TOTAL Original Geometry Count = 0   (0)
LAYER blc ........... TOTAL Original Geometry Count = 0   (0)
LAYER VAR ........... TOTAL Original Geometry Count = 0   (0)
LAYER M1 ............ TOTAL Original Geometry Count = 207 (306)
LAYER DUM1 .......... TOTAL Original Geometry Count = 0   (0)
LAYER RMDMY1 ........ TOTAL Original Geometry Count = 0   (0)
LAYER DUM2 .......... TOTAL Original Geometry Count = 0   (0)
LAYER M2 ............ TOTAL Original Geometry Count = 12  (209)
LAYER IND_SYM ....... TOTAL Original Geometry Count = 0   (0)
LAYER IND_STD ....... TOTAL Original Geometry Count = 0   (0)
LAYER IND_CT ........ TOTAL Original Geometry Count = 0   (0)
LAYER IND_STD_MUA ... TOTAL Original Geometry Count = 0   (0)
LAYER IND_SYM_MUA ... TOTAL Original Geometry Count = 0   (0)
LAYER IND_CT_MUA .... TOTAL Original Geometry Count = 0   (0)
LAYER RMDMY2 ........ TOTAL Original Geometry Count = 0   (0)
LAYER DUM3 .......... TOTAL Original Geometry Count = 0   (0)
LAYER M3 ............ TOTAL Original Geometry Count = 157 (313)
LAYER RMDMY3 ........ TOTAL Original Geometry Count = 0   (0)
LAYER DUM4 .......... TOTAL Original Geometry Count = 0   (0)
LAYER M4 ............ TOTAL Original Geometry Count = 8   (66)
LAYER RMDMY4 ........ TOTAL Original Geometry Count = 0   (0)
LAYER DUM5 .......... TOTAL Original Geometry Count = 0   (0)
LAYER M5 ............ TOTAL Original Geometry Count = 0   (0)
LAYER RMDMY5 ........ TOTAL Original Geometry Count = 0   (0)
LAYER DUM6 .......... TOTAL Original Geometry Count = 0   (0)
LAYER M6 ............ TOTAL Original Geometry Count = 0   (0)
LAYER RMDMY6 ........ TOTAL Original Geometry Count = 0   (0)
LAYER DUM7 .......... TOTAL Original Geometry Count = 0   (0)
LAYER M7 ............ TOTAL Original Geometry Count = 0   (0)
LAYER RMDMY7 ........ TOTAL Original Geometry Count = 0   (0)
LAYER DUM8 .......... TOTAL Original Geometry Count = 0   (0)
LAYER M8 ............ TOTAL Original Geometry Count = 0   (0)
LAYER RMDMY8 ........ TOTAL Original Geometry Count = 0   (0)
LAYER DUM9 .......... TOTAL Original Geometry Count = 0   (0)
LAYER M9 ............ TOTAL Original Geometry Count = 0   (0)
LAYER RMDMY9 ........ TOTAL Original Geometry Count = 0   (0)
LAYER DAP ........... TOTAL Original Geometry Count = 0   (0)
LAYER AP ............ TOTAL Original Geometry Count = 12  (18)
LAYER RMDMYAP ....... TOTAL Original Geometry Count = 0   (0)
LAYER SBDDMY ........ TOTAL Original Geometry Count = 0   (0)
LAYER IND_RAD ....... TOTAL Original Geometry Count = 0   (0)
LAYER IND_MP ........ TOTAL Original Geometry Count = 0   (0)
LAYER IND_D4 ........ TOTAL Original Geometry Count = 0   (0)
LAYER IND_NR ........ TOTAL Original Geometry Count = 0   (0)
LAYER cbm ........... TOTAL Original Geometry Count = 0   (0)
LAYER ctm ........... TOTAL Original Geometry Count = 0   (0)
LAYER PROBEM1 ....... TOTAL Original Geometry Count = 0   (0)
LAYER PROBEM2 ....... TOTAL Original Geometry Count = 0   (0)
LAYER PROBEM3 ....... TOTAL Original Geometry Count = 0   (0)
LAYER PROBEM4 ....... TOTAL Original Geometry Count = 0   (0)
LAYER PROBEM5 ....... TOTAL Original Geometry Count = 0   (0)
LAYER PROBEM6 ....... TOTAL Original Geometry Count = 0   (0)
LAYER PROBEM7 ....... TOTAL Original Geometry Count = 0   (0)
LAYER VTDN .......... TOTAL Original Geometry Count = 0   (0)
LAYER MOMDMY23 ...... TOTAL Original Geometry Count = 0   (0)
LAYER MOMDMY25 ...... TOTAL Original Geometry Count = 0   (0)
LAYER MOMDMY24 ...... TOTAL Original Geometry Count = 0   (0)
LAYER MOMDMY4 ....... TOTAL Original Geometry Count = 0   (0)
LAYER MOMDMY5 ....... TOTAL Original Geometry Count = 0   (0)
LAYER CBD ........... TOTAL Original Geometry Count = 0   (0)
LAYER RV ............ TOTAL Original Geometry Count = 0   (0)
LAYER CB ............ TOTAL Original Geometry Count = 0   (0)
LAYER MOMDMY2 ....... TOTAL Original Geometry Count = 0   (0)
LAYER VIA1i ......... TOTAL Original Geometry Count = 2   (101)
LAYER MOMDMY7 ....... TOTAL Original Geometry Count = 0   (0)
LAYER MOMDMY3 ....... TOTAL Original Geometry Count = 0   (0)
LAYER TCDDMY ........ TOTAL Original Geometry Count = 0   (0)
LAYER VIA2i ......... TOTAL Original Geometry Count = 2   (100)
LAYER MOMDMY6 ....... TOTAL Original Geometry Count = 0   (0)
LAYER VIA5i ......... TOTAL Original Geometry Count = 0   (0)
LAYER VIA3i ......... TOTAL Original Geometry Count = 5   (141)
LAYER VIA4i ......... TOTAL Original Geometry Count = 0   (0)
LAYER VIA6i ......... TOTAL Original Geometry Count = 0   (0)
LAYER MOMDMY1 ....... TOTAL Original Geometry Count = 0   (0)
LAYER MOMDMY22 ...... TOTAL Original Geometry Count = 0   (0)
LAYER RFPADDMY ...... TOTAL Original Geometry Count = 0   (0)
LAYER VIA8i ......... TOTAL Original Geometry Count = 0   (0)
LAYER CB2 ........... TOTAL Original Geometry Count = 0   (0)
LAYER RFPADDMY1 ..... TOTAL Original Geometry Count = 0   (0)
LAYER RFPADDMY2 ..... TOTAL Original Geometry Count = 0   (0)
LAYER RFPADDMY3 ..... TOTAL Original Geometry Count = 0   (0)
LAYER RFDMYUD ....... TOTAL Original Geometry Count = 0   (0)
LAYER CTMDMYUD ...... TOTAL Original Geometry Count = 0   (0)
LAYER VIA7i ......... TOTAL Original Geometry Count = 0   (0)
LAYER CAP1P5 ........ TOTAL Original Geometry Count = 0   (0)
LAYER CAP2P0 ........ TOTAL Original Geometry Count = 0   (0)
LAYER CAP1P0 ........ TOTAL Original Geometry Count = 0   (0)
LAYER MIM_3TDMY ..... TOTAL Original Geometry Count = 0   (0)
LAYER IND_GDIS ...... TOTAL Original Geometry Count = 0   (0)
LAYER IND_S ......... TOTAL Original Geometry Count = 0   (0)
----------------------------------------------------------------------------------
--- RULECHECK RESULTS STATISTICS
---
RULECHECK STD_IND_CHECK ........... NOT EXECUTED
RULECHECK STD_IND_CHECK.1 ......... NOT EXECUTED
RULECHECK CT_IND_CHECK ............ NOT EXECUTED
RULECHECK CT_IND_CHECK.1 .......... NOT EXECUTED
RULECHECK SYM_IND_CHECK ........... NOT EXECUTED
RULECHECK SYM_IND_CHECK.1 ......... NOT EXECUTED
RULECHECK mnpg .................... TOTAL Result Count = 0  (0)
RULECHECK mppg .................... TOTAL Result Count = 0  (0)
RULECHECK floating.nxwell_float ... TOTAL Result Count = 0  (0)
RULECHECK floating.psub ........... NOT EXECUTED DUE TO PATHCHK ERRORS
RULECHECK npvss49 ................. TOTAL Result Count = 0  (0)
RULECHECK ppvdd49 ................. TOTAL Result Count = 0  (0)
----------------------------------------------------------------------------------
--- ERC RULECHECK RESULTS STATISTICS (BY CELL)
---
----------------------------------------------------------------------------------
--- SUMMARY
---
TOTAL CPU Time:                              0
TOTAL REAL Time:                             2
TOTAL Original Layer Geometries:             846 (1712)
TOTAL ERC RuleChecks Executed:               6
TOTAL ERC RuleCheck Results Generated:       0 (0)
